###############################################################################
#
# IAR ELF Linker V8.40.2.214/W32 for ARM                  17/Nov/2019  20:36:54
# Copyright 2007-2019 IAR Systems AB.
#
#    Output file  =
#        C:\Users\DELL\Documents\IAR Projects\LCDv1.2\Debug\Exe\lcdv1.2.out
#    Map file     =
#        C:\Users\DELL\Documents\IAR Projects\LCDv1.2\Debug\List\lcdv1.2.map
#    Command line =
#        -f C:\Users\DELL\AppData\Local\Temp\EW1D7F.tmp
#        ("C:\Users\DELL\Documents\IAR Projects\LCDv1.2\Debug\Obj\lcd_init.o"
#        "C:\Users\DELL\Documents\IAR Projects\LCDv1.2\Debug\Obj\main.o"
#        --no_out_extension -o "C:\Users\DELL\Documents\IAR
#        Projects\LCDv1.2\Debug\Exe\lcdv1.2.out" --map
#        "C:\Users\DELL\Documents\IAR Projects\LCDv1.2\Debug\List\lcdv1.2.map"
#        --config "C:\Program Files (x86)\IAR Systems\Embedded Workbench
#        8.3\arm\config\linker\TexasInstruments\TM4C123GH6.icf" --semihosting
#        --entry __iar_program_start --vfe --text_out locale)
#
###############################################################################

*******************************************************************************
*** RUNTIME MODEL ATTRIBUTES
***

CppFlavor       = *
__SystemLibrary = DLib
__dlib_version  = 6


*******************************************************************************
*** HEAP SELECTION
***

The basic heap was selected because some modules are built with
size limitations (and not runtime checking), and --advanced_heap
was not specified.


*******************************************************************************
*** PLACEMENT SUMMARY
***

"A0":  place at address 0x0 { ro section .intvec };
"P1":  place in [from 0x0 to 0x3'ffff] { ro };
define block CSTACK with size = 4K, alignment = 8 { };
define block HEAP with size = 8K, alignment = 8 { };
"P2":  place in [from 0x2000'0000 to 0x2000'7fff] {
          rw, block CSTACK, block HEAP };

No sections matched the following patterns:

  rw  in "P2"


  Section   Kind         Address    Size  Object
  -------   ----         -------    ----  ------
"A0":                               0x40
  .intvec   ro code          0x0    0x40  vector_table_M.o [4]
                          - 0x40    0x40

"P1":                              0x3a4
  .text     ro code         0x40   0x1da  lcd_init.o [1]
  .text     ro code        0x21a     0x2  vector_table_M.o [4]
  .text     ro code        0x21c    0xd6  main.o [1]
  .text     ro code        0x2f4    0x56  ABImemcpy_unaligned.o [4]
  .text     ro code        0x34c    0x22  fpinit_M.o [3]
  .rodata   const          0x370    0x20  main.o [1]
  .text     ro code        0x390    0x1e  cmain.o [4]
  .text     ro code        0x3ae     0x4  low_level_init.o [2]
  .text     ro code        0x3b2     0x4  exit.o [2]
  .text     ro code        0x3b8     0xa  cexit.o [4]
  .text     ro code        0x3c4    0x14  exit.o [5]
  .text     ro code        0x3d8     0xc  cstartup_M.o [4]
                         - 0x3e4   0x3a4

"P2":                             0x1000
  CSTACK             0x2000'0000  0x1000  <Block>
    CSTACK  uninit   0x2000'0000  0x1000  <Block tail>
                   - 0x2000'1000  0x1000

Unused ranges:

         From           To      Size
         ----           --      ----
        0x3e4     0x3'ffff  0x3'fc1c
  0x2000'1000  0x2000'7fff    0x7000



*******************************************************************************
*** MODULE SUMMARY
***

    Module                 ro code  ro data  rw data
    ------                 -------  -------  -------
command line/config:
    ------------------------------------------------
    Total:

C:\Users\DELL\Documents\IAR Projects\LCDv1.2\Debug\Obj: [1]
    lcd_init.o                 474
    main.o                     214       32
    ------------------------------------------------
    Total:                     688       32

dl7M_tln.a: [2]
    exit.o                       4
    low_level_init.o             4
    ------------------------------------------------
    Total:                       8

m7M_tls.a: [3]
    fpinit_M.o                  34
    ------------------------------------------------
    Total:                      34

rt7M_tl.a: [4]
    ABImemcpy_unaligned.o       86
    cexit.o                     10
    cmain.o                     30
    cstartup_M.o                12
    vector_table_M.o            66
    ------------------------------------------------
    Total:                     204

shb_l.a: [5]
    exit.o                      20
    ------------------------------------------------
    Total:                      20

    Gaps                         8        2
    Linker created                             4'096
----------------------------------------------------
    Grand Total:               962       34    4'096


*******************************************************************************
*** ENTRY LIST
***

Entry                       Address  Size  Type      Object
-----                       -------  ----  ----      ------
?main                         0x391        Code  Gb  cmain.o [4]
CSTACK$$Base            0x2000'0000         --   Gb  - Linker created -
CSTACK$$Limit           0x2000'1000         --   Gb  - Linker created -
LCD_command                   0x115  0x42  Code  Gb  lcd_init.o [1]
LCD_data                      0x157  0x30  Code  Gb  lcd_init.o [1]
LCD_start                     0x1d5  0x46  Code  Gb  lcd_init.o [1]
Region$$Table$$Base             0x0         --   Gb  - Linker created -
Region$$Table$$Limit            0x0         --   Gb  - Linker created -
__cmain                       0x391        Code  Gb  cmain.o [4]
__exit                        0x3c5  0x14  Code  Gb  exit.o [5]
__iar_init_vfp                0x34d        Code  Gb  fpinit_M.o [3]
__iar_program_start           0x3d9        Code  Gb  cstartup_M.o [4]
__iar_unaligned_memcpy4
                              0x2f5        Code  Gb  ABImemcpy_unaligned.o [4]
__iar_unaligned_memcpy8
                              0x2f5        Code  Gb  ABImemcpy_unaligned.o [4]
__low_level_init              0x3af   0x4  Code  Gb  low_level_init.o [2]
__vector_table                  0x0        Data  Gb  vector_table_M.o [4]
_call_main                    0x39d        Code  Gb  cmain.o [4]
_exit                         0x3b9        Code  Gb  cexit.o [4]
_main                         0x3ab        Code  Gb  cmain.o [4]
default_delay                  0xc1   0xe  Code  Gb  lcd_init.o [1]
delay                          0xf3  0x22  Code  Gb  lcd_init.o [1]
delayMs                        0xcf  0x14  Code  Gb  lcd_init.o [1]
delayUs                        0xe3  0x10  Code  Gb  lcd_init.o [1]
exit                          0x3b3   0x4  Code  Gb  exit.o [2]
init_pb                        0x83  0x20  Code  Gb  lcd_init.o [1]
init_pf                        0x41  0x42  Code  Gb  lcd_init.o [1]
init_timer                     0xa3  0x1e  Code  Gb  lcd_init.o [1]
lcd_test                      0x21d  0xc2  Code  Gb  main.o [1]
main                          0x2e9   0xa  Code  Gb  main.o [1]


[1] = C:\Users\DELL\Documents\IAR Projects\LCDv1.2\Debug\Obj
[2] = dl7M_tln.a
[3] = m7M_tls.a
[4] = rt7M_tl.a
[5] = shb_l.a

    962 bytes of readonly  code memory
     34 bytes of readonly  data memory
  4'096 bytes of readwrite data memory

Errors: none
Warnings: none
