###############################################################################
#
# IAR ELF Linker V8.40.2.214/W32 for ARM                  17/Nov/2019  23:42:58
# Copyright 2007-2019 IAR Systems AB.
#
#    Output file  =
#        C:\Users\DELL\Documents\IAR Projects\LCDv1.2\Debug\Exe\lcdv1.2.out
#    Map file     =
#        C:\Users\DELL\Documents\IAR Projects\LCDv1.2\Debug\List\lcdv1.2.map
#    Command line =
#        -f C:\Users\DELL\AppData\Local\Temp\EW7639.tmp
#        ("C:\Users\DELL\Documents\IAR Projects\LCDv1.2\Debug\Obj\lcd_init.o"
#        "C:\Users\DELL\Documents\IAR Projects\LCDv1.2\Debug\Obj\main.o"
#        "C:\Users\DELL\Documents\IAR Projects\LCDv1.2\Debug\Obj\timer.o"
#        --no_out_extension -o "C:\Users\DELL\Documents\IAR
#        Projects\LCDv1.2\Debug\Exe\lcdv1.2.out" --map
#        "C:\Users\DELL\Documents\IAR Projects\LCDv1.2\Debug\List\lcdv1.2.map"
#        --config "C:\Program Files (x86)\IAR Systems\Embedded Workbench
#        8.3\arm\config\linker\TexasInstruments\TM4C123GH6.icf" --semihosting
#        --entry __iar_program_start --vfe --text_out locale)
#
###############################################################################

*******************************************************************************
*** RUNTIME MODEL ATTRIBUTES
***

CppFlavor       = *
__SystemLibrary = DLib
__dlib_version  = 6


*******************************************************************************
*** HEAP SELECTION
***

The basic heap was selected because some modules are built with
size limitations (and not runtime checking), and --advanced_heap
was not specified.


*******************************************************************************
*** PLACEMENT SUMMARY
***

"A0":  place at address 0x0 { ro section .intvec };
"P1":  place in [from 0x0 to 0x3'ffff] { ro };
define block CSTACK with size = 4K, alignment = 8 { };
define block HEAP with size = 8K, alignment = 8 { };
"P2":  place in [from 0x2000'0000 to 0x2000'7fff] {
          rw, block CSTACK, block HEAP };

No sections matched the following patterns:

  rw  in "P2"


  Section   Kind         Address    Size  Object
  -------   ----         -------    ----  ------
"A0":                               0x40
  .intvec   ro code          0x0    0x40  vector_table_M.o [4]
                          - 0x40    0x40

"P1":                              0x39c
  .text     ro code         0x40   0x146  lcd_init.o [1]
  .text     ro code        0x186     0x2  vector_table_M.o [4]
  .text     ro code        0x188    0x8c  timer.o [1]
  .text     ro code        0x214    0xd6  main.o [1]
  .text     ro code        0x2ec    0x56  ABImemcpy_unaligned.o [4]
  .text     ro code        0x344    0x22  fpinit_M.o [3]
  .rodata   const          0x368    0x20  main.o [1]
  .text     ro code        0x388    0x1e  cmain.o [4]
  .text     ro code        0x3a6     0x4  low_level_init.o [2]
  .text     ro code        0x3aa     0x4  exit.o [2]
  .text     ro code        0x3b0     0xa  cexit.o [4]
  .text     ro code        0x3bc    0x14  exit.o [5]
  .text     ro code        0x3d0     0xc  cstartup_M.o [4]
                         - 0x3dc   0x39c

"P2":                             0x1000
  CSTACK             0x2000'0000  0x1000  <Block>
    CSTACK  uninit   0x2000'0000  0x1000  <Block tail>
                   - 0x2000'1000  0x1000

Unused ranges:

         From           To      Size
         ----           --      ----
        0x3dc     0x3'ffff  0x3'fc24
  0x2000'1000  0x2000'7fff    0x7000



*******************************************************************************
*** MODULE SUMMARY
***

    Module                 ro code  ro data  rw data
    ------                 -------  -------  -------
command line/config:
    ------------------------------------------------
    Total:

C:\Users\DELL\Documents\IAR Projects\LCDv1.2\Debug\Obj: [1]
    lcd_init.o                 326
    main.o                     214       32
    timer.o                    140
    ------------------------------------------------
    Total:                     680       32

dl7M_tln.a: [2]
    exit.o                       4
    low_level_init.o             4
    ------------------------------------------------
    Total:                       8

m7M_tls.a: [3]
    fpinit_M.o                  34
    ------------------------------------------------
    Total:                      34

rt7M_tl.a: [4]
    ABImemcpy_unaligned.o       86
    cexit.o                     10
    cmain.o                     30
    cstartup_M.o                12
    vector_table_M.o            66
    ------------------------------------------------
    Total:                     204

shb_l.a: [5]
    exit.o                      20
    ------------------------------------------------
    Total:                      20

    Gaps                         8        2
    Linker created                             4'096
----------------------------------------------------
    Grand Total:               954       34    4'096


*******************************************************************************
*** ENTRY LIST
***

Entry                       Address  Size  Type      Object
-----                       -------  ----  ----      ------
?main                         0x389        Code  Gb  cmain.o [4]
CSTACK$$Base            0x2000'0000         --   Gb  - Linker created -
CSTACK$$Limit           0x2000'1000         --   Gb  - Linker created -
LCD_command                    0xa3  0x42  Code  Gb  lcd_init.o [1]
LCD_data                       0xe5  0x30  Code  Gb  lcd_init.o [1]
LCD_start                     0x141  0x46  Code  Gb  lcd_init.o [1]
Region$$Table$$Base             0x0         --   Gb  - Linker created -
Region$$Table$$Limit            0x0         --   Gb  - Linker created -
__cmain                       0x389        Code  Gb  cmain.o [4]
__exit                        0x3bd  0x14  Code  Gb  exit.o [5]
__iar_init_vfp                0x345        Code  Gb  fpinit_M.o [3]
__iar_program_start           0x3d1        Code  Gb  cstartup_M.o [4]
__iar_unaligned_memcpy4
                              0x2ed        Code  Gb  ABImemcpy_unaligned.o [4]
__iar_unaligned_memcpy8
                              0x2ed        Code  Gb  ABImemcpy_unaligned.o [4]
__low_level_init              0x3a7   0x4  Code  Gb  low_level_init.o [2]
__vector_table                  0x0        Data  Gb  vector_table_M.o [4]
_call_main                    0x395        Code  Gb  cmain.o [4]
_exit                         0x3b1        Code  Gb  cexit.o [4]
_main                         0x3a3        Code  Gb  cmain.o [4]
default_delay                 0x1a7   0xa  Code  Gb  timer.o [1]
delay                         0x1d5  0x22  Code  Gb  timer.o [1]
delayMs                       0x1b1  0x14  Code  Gb  timer.o [1]
delayUs                       0x1c5  0x10  Code  Gb  timer.o [1]
exit                          0x3ab   0x4  Code  Gb  exit.o [2]
init_pb                        0x83  0x20  Code  Gb  lcd_init.o [1]
init_pf                        0x41  0x42  Code  Gb  lcd_init.o [1]
init_timer                    0x189  0x1e  Code  Gb  timer.o [1]
lcd_test                      0x215  0xc2  Code  Gb  main.o [1]
main                          0x2e1   0xa  Code  Gb  main.o [1]


[1] = C:\Users\DELL\Documents\IAR Projects\LCDv1.2\Debug\Obj
[2] = dl7M_tln.a
[3] = m7M_tls.a
[4] = rt7M_tl.a
[5] = shb_l.a

    954 bytes of readonly  code memory
     34 bytes of readonly  data memory
  4'096 bytes of readwrite data memory

Errors: none
Warnings: none
