###############################################################################
#
# IAR ELF Linker V8.40.2.214/W32 for ARM                  25/Nov/2019  14:13:33
# Copyright 2007-2019 IAR Systems AB.
#
#    Output file  =
#        C:\Users\DELL\Documents\IAR Projects\LCDv1.2\Debug\Exe\lcdv1.2.out
#    Map file     =
#        C:\Users\DELL\Documents\IAR Projects\LCDv1.2\Debug\List\lcdv1.2.map
#    Command line =
#        -f C:\Users\DELL\AppData\Local\Temp\EWCBAD.tmp
#        ("C:\Users\DELL\Documents\IAR Projects\LCDv1.2\Debug\Obj\lcd_init.o"
#        "C:\Users\DELL\Documents\IAR Projects\LCDv1.2\Debug\Obj\lcd_keypad.o"
#        "C:\Users\DELL\Documents\IAR Projects\LCDv1.2\Debug\Obj\main.o"
#        "C:\Users\DELL\Documents\IAR Projects\LCDv1.2\Debug\Obj\timer.o"
#        --no_out_extension -o "C:\Users\DELL\Documents\IAR
#        Projects\LCDv1.2\Debug\Exe\lcdv1.2.out" --map
#        "C:\Users\DELL\Documents\IAR Projects\LCDv1.2\Debug\List\lcdv1.2.map"
#        --config "C:\Program Files (x86)\IAR Systems\Embedded Workbench
#        8.3\arm\config\linker\TexasInstruments\TM4C123GH6.icf" --semihosting
#        --entry __iar_program_start --vfe --text_out locale)
#
###############################################################################

*******************************************************************************
*** RUNTIME MODEL ATTRIBUTES
***

CppFlavor       = *
__Heap_Handler  = NoFree
__SystemLibrary = DLib
__dlib_version  = 6


*******************************************************************************
*** HEAP SELECTION
***

The no free heap was selected because no calls to memory
deallocation functions were found in the application.


*******************************************************************************
*** PLACEMENT SUMMARY
***

"A0":  place at address 0x0 { ro section .intvec };
"P1":  place in [from 0x0 to 0x3'ffff] { ro };
define block CSTACK with size = 4K, alignment = 8 { };
define block HEAP with size = 8K, alignment = 8 { };
"P2":  place in [from 0x2000'0000 to 0x2000'7fff] {
          rw, block CSTACK, block HEAP };

No sections matched the following patterns:

  rw  in "P2"


  Section   Kind         Address    Size  Object
  -------   ----         -------    ----  ------
"A0":                               0x40
  .intvec   ro code          0x0    0x40  vector_table_M.o [4]
                          - 0x40    0x40

"P1":                              0x614
  .text     ro code         0x40   0x154  lcd_keypad.o [1]
  .text     ro code        0x194     0x6  ABImemclr.o [4]
  .text     ro code        0x19a     0xa  xsprout.o [2]
  .text     ro code        0x1a4   0x146  lcd_init.o [1]
  .text     ro code        0x2ea     0x2  vector_table_M.o [4]
  .text     ro code        0x2ec    0xb4  timer.o [1]
  .text     ro code        0x3a0    0x40  sprintf.o [2]
  .text     ro code        0x3e0    0x36  strlen.o [4]
  .text     ro code        0x418    0x5e  ABImemset.o [4]
  .text     ro code        0x476   0x134  xprintftiny.o [2]
  .text     ro code        0x5ac    0x30  main.o [1]
  .text     ro code        0x5dc    0x22  fpinit_M.o [3]
  .text     ro code        0x600    0x1e  cmain.o [4]
  .text     ro code        0x61e     0x4  low_level_init.o [2]
  .text     ro code        0x622     0x4  exit.o [2]
  .text     ro code        0x628     0xa  cexit.o [4]
  .text     ro code        0x634    0x14  exit.o [5]
  .text     ro code        0x648     0xc  cstartup_M.o [4]
                         - 0x654   0x614

"P2":                             0x1000
  CSTACK             0x2000'0000  0x1000  <Block>
    CSTACK  uninit   0x2000'0000  0x1000  <Block tail>
                   - 0x2000'1000  0x1000

Unused ranges:

         From           To      Size
         ----           --      ----
        0x654     0x3'ffff  0x3'f9ac
  0x2000'1000  0x2000'7fff    0x7000



*******************************************************************************
*** MODULE SUMMARY
***

    Module            ro code  rw data
    ------            -------  -------
command line/config:
    ----------------------------------
    Total:

C:\Users\DELL\Documents\IAR Projects\LCDv1.2\Debug\Obj: [1]
    lcd_init.o            326
    lcd_keypad.o          340
    main.o                 48
    timer.o               180
    ----------------------------------
    Total:                894

dl7M_tln.a: [2]
    exit.o                  4
    low_level_init.o        4
    sprintf.o              64
    xprintftiny.o         308
    xsprout.o              10
    ----------------------------------
    Total:                390

m7M_tls.a: [3]
    fpinit_M.o             34
    ----------------------------------
    Total:                 34

rt7M_tl.a: [4]
    ABImemclr.o             6
    ABImemset.o            94
    cexit.o                10
    cmain.o                30
    cstartup_M.o           12
    strlen.o               54
    vector_table_M.o       66
    ----------------------------------
    Total:                272

shb_l.a: [5]
    exit.o                 20
    ----------------------------------
    Total:                 20

    Gaps                   10
    Linker created               4'096
--------------------------------------
    Grand Total:        1'620    4'096


*******************************************************************************
*** ENTRY LIST
***

Entry                     Address   Size  Type      Object
-----                     -------   ----  ----      ------
?main                       0x601         Code  Gb  cmain.o [4]
CSTACK$$Base          0x2000'0000          --   Gb  - Linker created -
CSTACK$$Limit         0x2000'1000          --   Gb  - Linker created -
LCD_command                 0x207   0x42  Code  Gb  lcd_init.o [1]
LCD_data                    0x249   0x30  Code  Gb  lcd_init.o [1]
LCD_start                   0x2a5   0x46  Code  Gb  lcd_init.o [1]
Region$$Table$$Base           0x0          --   Gb  - Linker created -
Region$$Table$$Limit          0x0          --   Gb  - Linker created -
_PrintfTiny                 0x48f  0x11c  Code  Gb  xprintftiny.o [2]
_SProut                     0x19b    0xa  Code  Gb  xsprout.o [2]
__aeabi_memclr              0x195         Code  Gb  ABImemclr.o [4]
__cmain                     0x601         Code  Gb  cmain.o [4]
__exit                      0x635   0x14  Code  Gb  exit.o [5]
__iar_Memset_word           0x419         Code  Gb  ABImemset.o [4]
__iar_init_vfp              0x5dd         Code  Gb  fpinit_M.o [3]
__iar_program_start         0x649         Code  Gb  cstartup_M.o [4]
__low_level_init            0x61f    0x4  Code  Gb  low_level_init.o [2]
__vector_table                0x0         Data  Gb  vector_table_M.o [4]
_call_main                  0x60d         Code  Gb  cmain.o [4]
_exit                       0x629         Code  Gb  cexit.o [4]
_main                       0x61b         Code  Gb  cmain.o [4]
delay                       0x31f   0x22  Code  Gb  timer.o [1]
delayMs                     0x30b   0x14  Code  Gb  timer.o [1]
exit                        0x623    0x4  Code  Gb  exit.o [2]
init_pb                     0x1e7   0x20  Code  Gb  lcd_init.o [1]
init_pc                     0x11d   0x28  Code  Gb  lcd_keypad.o [1]
init_pe                     0x145   0x2a  Code  Gb  lcd_keypad.o [1]
init_pf                     0x1a5   0x42  Code  Gb  lcd_init.o [1]
init_timer                  0x2ed   0x1e  Code  Gb  timer.o [1]
iterate_stopwatch            0x41   0xdc  Code  Gb  lcd_keypad.o [1]
keypad_lcd_test             0x5ad   0x26  Code  Gb  main.o [1]
main                        0x5d3    0xa  Code  Gb  main.o [1]
out                         0x477   0x18  Code  Lc  xprintftiny.o [2]
sprintf                     0x3a1   0x40  Code  Gb  sprintf.o [2]
strlen                      0x3e1         Code  Gb  strlen.o [4]
systick_delay               0x365   0x16  Code  Gb  timer.o [1]
systick_delayMs             0x341   0x14  Code  Gb  timer.o [1]
systick_delayUs             0x355   0x10  Code  Gb  timer.o [1]


[1] = C:\Users\DELL\Documents\IAR Projects\LCDv1.2\Debug\Obj
[2] = dl7M_tln.a
[3] = m7M_tls.a
[4] = rt7M_tl.a
[5] = shb_l.a

  1'620 bytes of readonly  code memory
  4'096 bytes of readwrite data memory

Errors: none
Warnings: none
